%% OpTeX <1.05 Jan.2022> - REF file
\Xrefversion{6}
% \refdecl:
\_def \_pdfextra_Xpageof #1{\_isdefined {_pdfextra_pageof:#1}\_iffalse \_sxdef {_pdfextra_pageof:#1}{\_ea \_ignoresecond \_currpage }\_fi }
\_Xpage{1}{1}
\_Xpage{2}{2}
\_Xtoc{1}{chap}{1}{}User documentation
\_Xtoc{2}{sec}{1.1}{}Defining files
\_Xindex{filedef}{}
\_Xlabel{user:multimedia}{1.2}
\_Xtoc{2}{sec}{1.2}{}Multimedia
\_Xindex{render}{}
\_Xindex{RM}{}
\_Xfnote
\_Xindex{filedef}{}
\_Xpage{3}{3}
\_Xlabel{tab:kv-renditions}{1.2.1}
\_Xindex{render}{}
\_Xlabel{tab:kv-rm}{1.2.2}
\_Xindex{RM}{}
\_Xpage{4}{4}
\_Xindex{DDDview}{}
\_Xlabel{tab:kv-3dview}{1.2.3}
\_Xindex{DDDview}{}
\_Xpage{5}{5}
\_Xlabel{tab:kv-media9}{1.2.4}
\_Xindex{DDDview}{}
\_Xfnote
\_Xindex{RM}{}
\_Xpage{6}{6}
\_Xindex{filedef}{}
\_Xfnote
\_Xtoc{2}{sec}{1.3}{}Actions
\_Xindex{pdfaction}{}
\_Xindex{hlink}{}
\_Xindex{nolininglinks}{}
\_Xindex{lininglinks}{}
\_Xpage{7}{7}
\_Xindex{openaction}{}
\_Xtoc{3}{secc}{1.3.1}{}External references
\_Xtoc{3}{secc}{1.3.2}{}Named actions
\_Xtoc{3}{secc}{1.3.3}{}Transition actions
\_Xtoc{3}{secc}{1.3.4}{}JavaScript actions
\_Xpage{8}{8}
\_Xindex{dljavascript}{}
\_Xlabel{user:actions-3djs}{1.3.5}
\_Xtoc{3}{secc}{1.3.5}{}3D JavaScript actions
\_Xindex{DDDcontext}{}
\_Xtoc{3}{secc}{1.3.6}{}GoTo3Dview actions
\_Xindex{RM}{}
\_Xtoc{3}{secc}{1.3.7}{}Rendition actions
\_Xindex{render}{}
\_Xpage{9}{9}
\_Xlabel{user:transitions}{1.4}
\_Xtoc{2}{sec}{1.4}{}Transitions and other page attributes
\_Xindex{transition}{}
\_Xindex{transitions}{}
\_Xfnote
\_Xindex{defaultpageduration}{}
\_Xindex{pageduration}{}
\_Xindex{fullscreen}{}
\_Xindex{defaultpageactions}{}
\_Xindex{pageactions}{}
\_Xpage{10}{10}
\_Xtoc{2}{sec}{1.5}{}Attachments
\_Xindex{attach}{}
\_Xlabel{user:document-view}{1.6}
\_Xtoc{2}{sec}{1.6}{}Document view
\_Xindex{fullscreen}{}
\_Xindex{showoutlines}{}
\_Xindex{showattached}{}
\_Xindex{duplexdisplay}{}
\_Xlabel{user:plain+latex}{1.7}
\_Xtoc{2}{sec}{1.7}{}Usage in plain \LuaTeX/ or LuaLa\TeX/
\_Xpage{11}{11}
\_Xpage{12}{12}
\_Xtoc{1}{chap}{2}{}Technical documentation
\_Xtoc{2}{sec}{2.1}{}Package initialization
\_Xindex{_linkcolor}{}
\_Xindex{.isdefined}{}
\_Xindex{.trycs}{}
\_Xindex{.cs}{}
\_Xindex{.slet}{}
\_Xindex{.slet}{}
\_Xindex{.sdef}{}
\_Xindex{.sxdef}{}
\_Xtoc{2}{sec}{2.2}{}Helper macros
\_Xindex{.emptyor}{}
\_Xindex{.nonempty}{}
\_Xindex{.attrorempty}{}
\_Xpage{13}{13}
\_Xindex{.colortorgbdef}{}
\_Xindex{.xaddto}{}
\_Xindex{.tmp}{}
\_Xindex{.secondoptdef}{}
\_Xindex{.name}{}
\_Xindex{.untilend}{}
\_Xindex{.end}{}
\_Xindex{.setpageof}{}
\_Xindex{.Xpageof}{}
\_Xindex{.pageof}{}
\_Xpage{14}{14}
\_Xlabel{files}{2.3}
\_Xtoc{2}{sec}{2.3}{}Handling of files
\_Xindex{filedef}{}
\_Xpage{15}{15}
\_Xindex{.isfiledefined}{}
\_Xlabel{actions}{2.4}
\_Xtoc{2}{sec}{2.4}{}PDF actions
\_Xindex{pdfaction}{}
\_Xpage{16}{16}
\_Xindex{.pdfactiontype}{}
\_Xlabel{actions-additional}{2.4.1}
\_Xtoc{3}{secc}{2.4.1}{}Additional actions
\_Xindex{.pdfaactions}{}
\_Xlabel{actions-link}{2.4.2}
\_Xtoc{3}{secc}{2.4.2}{}Link annotations
\_Xindex{hlink}{}
\_Xpage{17}{17}
\_Xindex{.linkdimens}{}
\_Xindex{lininglinks}{}
\_Xindex{nolininglinks}{}
\_Xtoc{3}{secc}{2.4.3}{}Open action
\_Xindex{openaction}{}
\_Xlabel{actions-jump}{2.4.4}
\_Xtoc{3}{secc}{2.4.4}{}Jump actions
\_Xindex{.ilinkaction}{}
\_Xindex{.urlaction}{}
\_Xindex{.extrefaction}{}
\_Xindex{.extpgrefaction}{}
\_Xindex{.extrefextra}{}
\_Xpage{18}{18}
\_Xindex{.transitionaction}{}
\_Xtoc{3}{secc}{2.4.5}{}Named actions
\_Xindex{.namedaction}{}
\_Xtoc{3}{secc}{2.4.6}{}JavaScript actions
\_Xindex{.jsaction}{}
\_Xtoc{2}{sec}{2.5}{}Page attributes
\_Xindex{initpageattributes}{}
\_Xindex{pageattributes}{}
\_Xpage{19}{19}
\_Xindex{.pdfcurrentpageattr}{}
\_Xindex{.pdfdefaultpageattr}{}
\_Xindex{.pageattrcount}{}
\_Xindex{pdfpageattributes}{}
\_Xindex{.pdfpageattributesetters}{}
\_Xindex{defaultpagerotate}{}
\_Xindex{pagerotate}{}
\_Xindex{defaultpageactions}{}
\_Xindex{pageactions}{}
\_Xpage{20}{20}
\_Xlabel{transitions}{2.5.1}
\_Xtoc{3}{secc}{2.5.1}{}Transitions, page durations
\_Xindex{.maketrans}{}
\_Xindex{transitions}{}
\_Xindex{transition}{}
\_Xindex{defaultpageduration}{}
\_Xindex{pageduration}{}
\_Xlabel{nametrees}{2.6}
\_Xtoc{2}{sec}{2.6}{}Name trees -- attachments and document level JavaScript
\_Xindex{attach}{}
\_Xindex{dljavascript}{}
\_Xindex{.embeddedfiles}{}
\_Xindex{.dljavascripts}{}
\_Xpage{21}{21}
\_Xindex{.renditions}{}
\_Xindex{.pdfstringtounicode}{}
\_Xindex{.makenamearray}{}
\_Xtoc{2}{sec}{2.7}{}Viewer preferences
\_Xindex{fullscreen}{}
\_Xindex{showoutlines}{}
\_Xindex{showattached}{}
\_Xindex{.setpagemode}{}
\_Xindex{_byehook}{}
\_Xindex{duplexdisplay}{}
\_Xtoc{2}{sec}{2.8}{}Multimedia
\_Xpage{22}{22}
\_Xindex{.boxedannot}{}
\_Xpage{23}{23}
\_Xindex{.unnamedannotcount}{}
\_Xindex{.redefinename}{}
\_Xlabel{mm-renditions}{2.8.1}
\_Xtoc{3}{secc}{2.8.1}{}Renditions (audio/video)
\_Xindex{render}{}
\_Xindex{renditionautoplay}{}
\_Xpage{24}{24}
\_Xindex{.renderdefaults}{}
\_Xindex{renditionautoplay}{}
\_Xpage{25}{25}
\_Xindex{.renditionaction}{}
\_Xtoc{3}{secc}{2.8.2}{}Rich Media (3D/audio/video)
\_Xindex{RM}{}
\_Xpage{26}{26}
\_Xindex{.mimetormsubtype}{}
\_Xindex{.DDDscripts}{}
\_Xindex{.DDDviews}{}
\_Xpage{27}{27}
\_Xindex{.names}{}
\_Xindex{.scriptfilespecs}{}
\_Xindex{.DDDviews}{}
\_Xindex{.RMdefaults}{}
\_Xindex{.RMpresentationextra}{}
\_Xindex{DDDannot}{}
\_Xindex{DDDcontext}{}
\_Xpage{28}{28}
\_Xlabel{mm-3dviews}{2.8.3}
\_Xtoc{3}{secc}{2.8.3}{}3D views
\_Xpage{29}{29}
\_Xfnote
\_Xindex{DDDview}{}
\_Xindex{.viewparams}{}
\_Xpage{30}{30}
\_Xindex{.DDDviewdefaults}{}
\_Xindex{.DDDviewextra}{}
\_Xindex{.DDDrendermodeextra}{}
\_Xindex{.DDDprojectionextra}{}
\_Xpage{31}{31}
\_Xindex{.luatriplet}{}
\_Xpage{32}{32}
\_Xindex{.goto3dviewaction}{}
\_Xlabel{mime}{2.9}
\_Xtoc{2}{sec}{2.9}{}MIME type database
\_Xindex{.mimetype}{}
